  Determining projects to restore...
C:\Users\mom2n\Desktop\MomenSys\MomenMedmSys.WPF\MomenMedmSys.WPF.csproj : warning NU1701: Package 'OpenTK 3.3.1' was restored using '.NETFramework,Version=v4.6.1, .NETFramework,Version=v4.6.2, .NETFramework,Version=v4.7, .NETFramework,Version=v4.7.1, .NETFramework,Version=v4.7.2, .NETFramework,Version=v4.8, .NETFramework,Version=v4.8.1' instead of the project target framework 'net8.0-windows7.0'. This package may not be fully compatible with your project.
C:\Users\mom2n\Desktop\MomenSys\MomenMedmSys.WPF\MomenMedmSys.WPF.csproj : warning NU1701: Package 'OpenTK.GLWpfControl 3.3.0' was restored using '.NETFramework,Version=v4.6.1, .NETFramework,Version=v4.6.2, .NETFramework,Version=v4.7, .NETFramework,Version=v4.7.1, .NETFramework,Version=v4.7.2, .NETFramework,Version=v4.8, .NETFramework,Version=v4.8.1' instead of the project target framework 'net8.0-windows7.0'. This package may not be fully compatible with your project.
C:\Users\mom2n\Desktop\MomenSys\MomenMedmSys.WPF\MomenMedmSys.WPF.csproj : warning NU1701: Package 'SkiaSharp.Views.WPF 3.119.0' was restored using '.NETFramework,Version=v4.6.1, .NETFramework,Version=v4.6.2, .NETFramework,Version=v4.7, .NETFramework,Version=v4.7.1, .NETFramework,Version=v4.7.2, .NETFramework,Version=v4.8, .NETFramework,Version=v4.8.1' instead of the project target framework 'net8.0-windows7.0'. This package may not be fully compatible with your project.
  All projects are up-to-date for restore.
C:\Users\mom2n\Desktop\MomenSys\MomenMedmSys.WPF\MomenMedmSys.WPF.csproj : warning NU1701: Package 'OpenTK 3.3.1' was restored using '.NETFramework,Version=v4.6.1, .NETFramework,Version=v4.6.2, .NETFramework,Version=v4.7, .NETFramework,Version=v4.7.1, .NETFramework,Version=v4.7.2, .NETFramework,Version=v4.8, .NETFramework,Version=v4.8.1' instead of the project target framework 'net8.0-windows7.0'. This package may not be fully compatible with your project.
C:\Users\mom2n\Desktop\MomenSys\MomenMedmSys.WPF\MomenMedmSys.WPF.csproj : warning NU1701: Package 'OpenTK.GLWpfControl 3.3.0' was restored using '.NETFramework,Version=v4.6.1, .NETFramework,Version=v4.6.2, .NETFramework,Version=v4.7, .NETFramework,Version=v4.7.1, .NETFramework,Version=v4.7.2, .NETFramework,Version=v4.8, .NETFramework,Version=v4.8.1' instead of the project target framework 'net8.0-windows7.0'. This package may not be fully compatible with your project.
C:\Users\mom2n\Desktop\MomenSys\MomenMedmSys.WPF\MomenMedmSys.WPF.csproj : warning NU1701: Package 'SkiaSharp.Views.WPF 3.119.0' was restored using '.NETFramework,Version=v4.6.1, .NETFramework,Version=v4.6.2, .NETFramework,Version=v4.7, .NETFramework,Version=v4.7.1, .NETFramework,Version=v4.7.2, .NETFramework,Version=v4.8, .NETFramework,Version=v4.8.1' instead of the project target framework 'net8.0-windows7.0'. This package may not be fully compatible with your project.
  MomenMedmSys.Core -> C:\Users\mom2n\Desktop\MomenSys\MomenMedmSys.Core\bin\Debug\net8.0\MomenMedmSys.Core.dll
  MomenMedmSys.Data -> C:\Users\mom2n\Desktop\MomenSys\MomenMedmSys.Data\bin\Debug\net8.0\MomenMedmSys.Data.dll
  MomenMedmSys.Services -> C:\Users\mom2n\Desktop\MomenSys\MomenMedmSys.Services\bin\Debug\net8.0\MomenMedmSys.Services.dll
C:\Users\mom2n\Desktop\MomenSys\MomenMedmSys.WPF\MomenMedmSys.WPF_yh2jlwp2_wpftmp.csproj : warning NU1701: Package 'OpenTK 3.3.1' was restored using '.NETFramework,Version=v4.6.1, .NETFramework,Version=v4.6.2, .NETFramework,Version=v4.7, .NETFramework,Version=v4.7.1, .NETFramework,Version=v4.7.2, .NETFramework,Version=v4.8, .NETFramework,Version=v4.8.1' instead of the project target framework 'net8.0-windows7.0'. This package may not be fully compatible with your project.
C:\Users\mom2n\Desktop\MomenSys\MomenMedmSys.WPF\MomenMedmSys.WPF_yh2jlwp2_wpftmp.csproj : warning NU1701: Package 'OpenTK.GLWpfControl 3.3.0' was restored using '.NETFramework,Version=v4.6.1, .NETFramework,Version=v4.6.2, .NETFramework,Version=v4.7, .NETFramework,Version=v4.7.1, .NETFramework,Version=v4.7.2, .NETFramework,Version=v4.8, .NETFramework,Version=v4.8.1' instead of the project target framework 'net8.0-windows7.0'. This package may not be fully compatible with your project.
C:\Users\mom2n\Desktop\MomenSys\MomenMedmSys.WPF\MomenMedmSys.WPF_yh2jlwp2_wpftmp.csproj : warning NU1701: Package 'SkiaSharp.Views.WPF 3.119.0' was restored using '.NETFramework,Version=v4.6.1, .NETFramework,Version=v4.6.2, .NETFramework,Version=v4.7, .NETFramework,Version=v4.7.1, .NETFramework,Version=v4.7.2, .NETFramework,Version=v4.8, .NETFramework,Version=v4.8.1' instead of the project target framework 'net8.0-windows7.0'. This package may not be fully compatible with your project.
C:\Users\mom2n\Desktop\MomenSys\MomenMedmSys.WPF\ViewModels\AuditLogDetailViewModel.cs(17,16): warning CS8618: Non-nullable field '_oldValuesFormatted' must contain a non-null value when exiting constructor. Consider adding the 'required' modifier or declaring the field as nullable. [C:\Users\mom2n\Desktop\MomenSys\MomenMedmSys.WPF\MomenMedmSys.WPF_yh2jlwp2_wpftmp.csproj]
C:\Users\mom2n\Desktop\MomenSys\MomenMedmSys.WPF\ViewModels\AuditLogDetailViewModel.cs(17,16): warning CS8618: Non-nullable field '_newValuesFormatted' must contain a non-null value when exiting constructor. Consider adding the 'required' modifier or declaring the field as nullable. [C:\Users\mom2n\Desktop\MomenSys\MomenMedmSys.WPF\MomenMedmSys.WPF_yh2jlwp2_wpftmp.csproj]
C:\Users\mom2n\Desktop\MomenSys\MomenMedmSys.WPF\ViewModels\AuditLogDetailViewModel.cs(83,13): error CS0103: The name 'Saved' does not exist in the current context [C:\Users\mom2n\Desktop\MomenSys\MomenMedmSys.WPF\MomenMedmSys.WPF_yh2jlwp2_wpftmp.csproj]
C:\Users\mom2n\Desktop\MomenSys\MomenMedmSys.WPF\ViewModels\AuditLogViewModel.cs(189,22): error CS1061: 'AuditLogDetailViewModel' does not contain a definition for 'Saved' and no accessible extension method 'Saved' accepting a first argument of type 'AuditLogDetailViewModel' could be found (are you missing a using directive or an assembly reference?) [C:\Users\mom2n\Desktop\MomenSys\MomenMedmSys.WPF\MomenMedmSys.WPF_yh2jlwp2_wpftmp.csproj]

Build FAILED.

C:\Users\mom2n\Desktop\MomenSys\MomenMedmSys.WPF\MomenMedmSys.WPF.csproj : warning NU1701: Package 'OpenTK 3.3.1' was restored using '.NETFramework,Version=v4.6.1, .NETFramework,Version=v4.6.2, .NETFramework,Version=v4.7, .NETFramework,Version=v4.7.1, .NETFramework,Version=v4.7.2, .NETFramework,Version=v4.8, .NETFramework,Version=v4.8.1' instead of the project target framework 'net8.0-windows7.0'. This package may not be fully compatible with your project.
C:\Users\mom2n\Desktop\MomenSys\MomenMedmSys.WPF\MomenMedmSys.WPF.csproj : warning NU1701: Package 'OpenTK.GLWpfControl 3.3.0' was restored using '.NETFramework,Version=v4.6.1, .NETFramework,Version=v4.6.2, .NETFramework,Version=v4.7, .NETFramework,Version=v4.7.1, .NETFramework,Version=v4.7.2, .NETFramework,Version=v4.8, .NETFramework,Version=v4.8.1' instead of the project target framework 'net8.0-windows7.0'. This package may not be fully compatible with your project.
C:\Users\mom2n\Desktop\MomenSys\MomenMedmSys.WPF\MomenMedmSys.WPF.csproj : warning NU1701: Package 'SkiaSharp.Views.WPF 3.119.0' was restored using '.NETFramework,Version=v4.6.1, .NETFramework,Version=v4.6.2, .NETFramework,Version=v4.7, .NETFramework,Version=v4.7.1, .NETFramework,Version=v4.7.2, .NETFramework,Version=v4.8, .NETFramework,Version=v4.8.1' instead of the project target framework 'net8.0-windows7.0'. This package may not be fully compatible with your project.
C:\Users\mom2n\Desktop\MomenSys\MomenMedmSys.WPF\MomenMedmSys.WPF.csproj : warning NU1701: Package 'OpenTK 3.3.1' was restored using '.NETFramework,Version=v4.6.1, .NETFramework,Version=v4.6.2, .NETFramework,Version=v4.7, .NETFramework,Version=v4.7.1, .NETFramework,Version=v4.7.2, .NETFramework,Version=v4.8, .NETFramework,Version=v4.8.1' instead of the project target framework 'net8.0-windows7.0'. This package may not be fully compatible with your project.
C:\Users\mom2n\Desktop\MomenSys\MomenMedmSys.WPF\MomenMedmSys.WPF.csproj : warning NU1701: Package 'OpenTK.GLWpfControl 3.3.0' was restored using '.NETFramework,Version=v4.6.1, .NETFramework,Version=v4.6.2, .NETFramework,Version=v4.7, .NETFramework,Version=v4.7.1, .NETFramework,Version=v4.7.2, .NETFramework,Version=v4.8, .NETFramework,Version=v4.8.1' instead of the project target framework 'net8.0-windows7.0'. This package may not be fully compatible with your project.
C:\Users\mom2n\Desktop\MomenSys\MomenMedmSys.WPF\MomenMedmSys.WPF.csproj : warning NU1701: Package 'SkiaSharp.Views.WPF 3.119.0' was restored using '.NETFramework,Version=v4.6.1, .NETFramework,Version=v4.6.2, .NETFramework,Version=v4.7, .NETFramework,Version=v4.7.1, .NETFramework,Version=v4.7.2, .NETFramework,Version=v4.8, .NETFramework,Version=v4.8.1' instead of the project target framework 'net8.0-windows7.0'. This package may not be fully compatible with your project.
C:\Users\mom2n\Desktop\MomenSys\MomenMedmSys.WPF\MomenMedmSys.WPF_yh2jlwp2_wpftmp.csproj : warning NU1701: Package 'OpenTK 3.3.1' was restored using '.NETFramework,Version=v4.6.1, .NETFramework,Version=v4.6.2, .NETFramework,Version=v4.7, .NETFramework,Version=v4.7.1, .NETFramework,Version=v4.7.2, .NETFramework,Version=v4.8, .NETFramework,Version=v4.8.1' instead of the project target framework 'net8.0-windows7.0'. This package may not be fully compatible with your project.
C:\Users\mom2n\Desktop\MomenSys\MomenMedmSys.WPF\MomenMedmSys.WPF_yh2jlwp2_wpftmp.csproj : warning NU1701: Package 'OpenTK.GLWpfControl 3.3.0' was restored using '.NETFramework,Version=v4.6.1, .NETFramework,Version=v4.6.2, .NETFramework,Version=v4.7, .NETFramework,Version=v4.7.1, .NETFramework,Version=v4.7.2, .NETFramework,Version=v4.8, .NETFramework,Version=v4.8.1' instead of the project target framework 'net8.0-windows7.0'. This package may not be fully compatible with your project.
C:\Users\mom2n\Desktop\MomenSys\MomenMedmSys.WPF\MomenMedmSys.WPF_yh2jlwp2_wpftmp.csproj : warning NU1701: Package 'SkiaSharp.Views.WPF 3.119.0' was restored using '.NETFramework,Version=v4.6.1, .NETFramework,Version=v4.6.2, .NETFramework,Version=v4.7, .NETFramework,Version=v4.7.1, .NETFramework,Version=v4.7.2, .NETFramework,Version=v4.8, .NETFramework,Version=v4.8.1' instead of the project target framework 'net8.0-windows7.0'. This package may not be fully compatible with your project.
C:\Users\mom2n\Desktop\MomenSys\MomenMedmSys.WPF\ViewModels\AuditLogDetailViewModel.cs(17,16): warning CS8618: Non-nullable field '_oldValuesFormatted' must contain a non-null value when exiting constructor. Consider adding the 'required' modifier or declaring the field as nullable. [C:\Users\mom2n\Desktop\MomenSys\MomenMedmSys.WPF\MomenMedmSys.WPF_yh2jlwp2_wpftmp.csproj]
C:\Users\mom2n\Desktop\MomenSys\MomenMedmSys.WPF\ViewModels\AuditLogDetailViewModel.cs(17,16): warning CS8618: Non-nullable field '_newValuesFormatted' must contain a non-null value when exiting constructor. Consider adding the 'required' modifier or declaring the field as nullable. [C:\Users\mom2n\Desktop\MomenSys\MomenMedmSys.WPF\MomenMedmSys.WPF_yh2jlwp2_wpftmp.csproj]
C:\Users\mom2n\Desktop\MomenSys\MomenMedmSys.WPF\ViewModels\AuditLogDetailViewModel.cs(83,13): error CS0103: The name 'Saved' does not exist in the current context [C:\Users\mom2n\Desktop\MomenSys\MomenMedmSys.WPF\MomenMedmSys.WPF_yh2jlwp2_wpftmp.csproj]
C:\Users\mom2n\Desktop\MomenSys\MomenMedmSys.WPF\ViewModels\AuditLogViewModel.cs(189,22): error CS1061: 'AuditLogDetailViewModel' does not contain a definition for 'Saved' and no accessible extension method 'Saved' accepting a first argument of type 'AuditLogDetailViewModel' could be found (are you missing a using directive or an assembly reference?) [C:\Users\mom2n\Desktop\MomenSys\MomenMedmSys.WPF\MomenMedmSys.WPF_yh2jlwp2_wpftmp.csproj]
    11 Warning(s)
    2 Error(s)

Time Elapsed 00:00:08.27
